// Jest Snapshot v1, https://goo.gl/fbAQLP

exports[`App snapchot test 1`] = `
<div
  className="container"
>
  <h1
    className="text-center"
  >
    ReactJs Multiple Components Tutorial
  </h1>
  <div
    className="row"
  >
    <div
      className="col-sm-6"
    >
      <div
        className="testimonial testimonial-danger"
        id="tb-testimonial"
      >
        <div
          className="testimonial-section"
        >
          Denim you probably haven't heard of. Lorem ipsum dolor met consectetur adipisicing sit amet, consectetur adipisicing elit, of them jean shorts sed magna aliqua. Lorem ipsum dolor met.
        </div>
        <div
          className="testimonial-desc"
        >
          <img
            alt=""
            src="https://placeholdit.imgix.net/~text?txtsize=9&txt=100%C3%97100&w=100&h=100"
          />
          <div
            className="testimonial-writer"
          >
            <div
              className="testimonial-writer-name"
            >
              Matthew Horizonte
            </div>
            <div
              className="testimonial-writer-designation"
            >
              Web Developer
            </div>
            <a
              className="testimonial-writer-company"
              href="#"
            >
              Australia
            </a>
          </div>
        </div>
      </div>
    </div>
    <div
      className="col-sm-6"
    >
      <div
        className="testimonial testimonial-warning"
        id="tb-testimonial"
      >
        <div
          className="testimonial-section"
        >
          Denim you probably haven't heard of. Lorem ipsum dolor met consectetur adipisicing sit amet, consectetur adipisicing elit, of them jean shorts sed magna aliqua. Lorem ipsum dolor met.
        </div>
        <div
          className="testimonial-desc"
        >
          <img
            alt=""
            src="https://placeholdit.imgix.net/~text?txtsize=9&txt=100%C3%97100&w=100&h=100"
          />
          <div
            className="testimonial-writer"
          >
            <div
              className="testimonial-writer-name"
            >
              Kirkwood John
            </div>
            <div
              className="testimonial-writer-designation"
            >
              Dentist
            </div>
            <a
              className="testimonial-writer-company"
              href="#"
            >
              Germany
            </a>
          </div>
        </div>
      </div>
    </div>
    <div
      className="col-sm-6"
    >
      <div
        className="testimonial testimonial-primary"
        id="tb-testimonial"
      >
        <div
          className="testimonial-section"
        >
          Denim you probably haven't heard of. Lorem ipsum dolor met consectetur adipisicing sit amet, consectetur adipisicing elit, of them jean shorts sed magna aliqua. Lorem ipsum dolor met.
        </div>
        <div
          className="testimonial-desc"
        >
          <img
            alt=""
            src="https://placeholdit.imgix.net/~text?txtsize=9&txt=100%C3%97100&w=100&h=100"
          />
          <div
            className="testimonial-writer"
          >
            <div
              className="testimonial-writer-name"
            >
              Mt. Tallac
            </div>
            <div
              className="testimonial-writer-designation"
            >
              Bus Driver
            </div>
            <a
              className="testimonial-writer-company"
              href="#"
            >
              Canada
            </a>
          </div>
        </div>
      </div>
    </div>
    <div
      className="col-sm-6"
    >
      <div
        className="testimonial testimonial-default"
        id="tb-testimonial"
      >
        <div
          className="testimonial-section"
        >
          Denim you probably haven't heard of. Lorem ipsum dolor met consectetur adipisicing sit amet, consectetur adipisicing elit, of them jean shorts sed magna aliqua. Lorem ipsum dolor met.
        </div>
        <div
          className="testimonial-desc"
        >
          <img
            alt=""
            src="https://placeholdit.imgix.net/~text?txtsize=9&txt=100%C3%97100&w=100&h=100"
          />
          <div
            className="testimonial-writer"
          >
            <div
              className="testimonial-writer-name"
            >
              John Fitz Oscar
            </div>
            <div
              className="testimonial-writer-designation"
            >
              34
            </div>
            <a
              className="testimonial-writer-company"
              href="#"
            >
              New Zeland
            </a>
          </div>
        </div>
      </div>
    </div>
  </div>
</div>
`;
